[fvdthemes.com/html/yeahkids/index.html]
[backblue.gif]
[fade.gif]
[index.html]
[fvdthemes.com/html/yeahkids/img/favicon/favicon1.ico]
[fvdthemes.com/html/yeahkids/css/bootstrap/bootstrap.min.css]
[fvdthemes.com/html/yeahkids/css/style5fd0.css]
[fvdthemes.com/html/yeahkids/css/mediab6ae.css]
[fvdthemes.com/html/yeahkids/img/header/logo.png]
[fvdthemes.com/html/yeahkids/login.html]
[fvdthemes.com/html/yeahkids/reg.html]
[fvdthemes.com/html/yeahkids/shop_cart.html]
[fvdthemes.com/html/yeahkids/about_us.html]
[fvdthemes.com/html/yeahkids/teachers.html]
[fvdthemes.com/html/yeahkids/teacher.html]
[fvdthemes.com/html/yeahkids/service_v1.html]
[fvdthemes.com/html/yeahkids/service_v2.html]
[fvdthemes.com/html/yeahkids/events.html]
[fvdthemes.com/html/yeahkids/event.html]
[fvdthemes.com/html/yeahkids/price-table_a.html]
[fvdthemes.com/html/yeahkids/price-table_b.html]
[fvdthemes.com/html/yeahkids/gallery.html]
[fvdthemes.com/html/yeahkids/reviews.html]
[fvdthemes.com/html/yeahkids/FAQ.html]
[fvdthemes.com/html/yeahkids/404.html]
[fvdthemes.com/html/yeahkids/blog.html]
[fvdthemes.com/html/yeahkids/blog_article.html]
[fvdthemes.com/html/yeahkids/shop_grid.html]
[fvdthemes.com/html/yeahkids/shop_list.html]
[fvdthemes.com/html/yeahkids/shop_item.html]
[fvdthemes.com/html/yeahkids/shop_cart_empty.html]
[fvdthemes.com/html/yeahkids/contact.html]
[fvdthemes.com/html/yeahkids/img/home/sun.png]
[fvdthemes.com/html/yeahkids/img/home/globe.png]
[fvdthemes.com/html/yeahkids/img/home/clouds.png]
[fvdthemes.com/html/yeahkids/img/home/slider_home_2.jpg]
[fvdthemes.com/html/yeahkids/img/home/slider_home_3.jpg]
[fvdthemes.com/html/yeahkids/img/home/slider_home_1.jpg]
[fvdthemes.com/html/yeahkids/img/home/about_img.jpg]
[fvdthemes.com/html/yeahkids/img/home/about_bear.png]
[fvdthemes.com/html/yeahkids/img/home/education.jpg]
[fvdthemes.com/html/yeahkids/img/home/activities.jpg]
[fvdthemes.com/html/yeahkids/img/home/friendship.jpg]
[fvdthemes.com/html/yeahkids/img/home/development.jpg]
[fvdthemes.com/html/yeahkids/img/portfolio/1-thumb.jpg]
[fvdthemes.com/html/yeahkids/img/icons/search_gallery.png]
[fvdthemes.com/html/yeahkids/img/portfolio/2-thumb.jpg]
[fvdthemes.com/html/yeahkids/img/portfolio/3-thumb.jpg]
[fvdthemes.com/html/yeahkids/img/portfolio/4-thumb.jpg]
[fvdthemes.com/html/yeahkids/img/icons/video_gallery.png]
[fvdthemes.com/html/yeahkids/img/portfolio/5-thumb.jpg]
[fvdthemes.com/html/yeahkids/img/portfolio/6-thumb.jpg]
[fvdthemes.com/html/yeahkids/img/portfolio/7-thumb.jpg]
[fvdthemes.com/html/yeahkids/img/portfolio/8-thumb.jpg]
[fvdthemes.com/html/yeahkids/img/teacher/teacher_1.jpg]
[fvdthemes.com/html/yeahkids/img/teacher/teacher_2.jpg]
[fvdthemes.com/html/yeahkids/img/teacher/teacher_3.jpg]
[fvdthemes.com/html/yeahkids/img/teacher/teacher_4.jpg]
[fvdthemes.com/html/yeahkids/img/home/top_stories_green.png]
[fvdthemes.com/html/yeahkids/img/home/bottom_stories_green.png]
[fvdthemes.com/html/yeahkids/img/blog/author1.jpg]
[fvdthemes.com/html/yeahkids/img/home/top_stories_red.png]
[fvdthemes.com/html/yeahkids/img/home/bottom_stories_red.png]
[fvdthemes.com/html/yeahkids/img/blog/author2.jpg]
[fvdthemes.com/html/yeahkids/img/home/top_stories_blue.png]
[fvdthemes.com/html/yeahkids/img/home/bottom_stories_blue.png]
[fvdthemes.com/html/yeahkids/img/blog/author4.jpg]
[fvdthemes.com/html/yeahkids/post_preparing-for-the-new-year-holiday.html]
[fvdthemes.com/html/yeahkids/img/blog/blog_1.jpg]
[fvdthemes.com/html/yeahkids/img/blog/blog_2.jpg]
[fvdthemes.com/html/yeahkids/post_report-children-s-birthdays.html]
[fvdthemes.com/html/yeahkids/post_week-of-football-competitions.html]
[fvdthemes.com/html/yeahkids/img/blog/blog_3.jpg]
[fvdthemes.com/html/yeahkids/post_children-take-care-of-nature.html]
[fvdthemes.com/html/yeahkids/img/blog/blog_4.jpg]
[fvdthemes.com/html/yeahkids/img/footer/footer_1.jpg]
[fvdthemes.com/html/yeahkids/img/footer/footer_2.jpg]
[fvdthemes.com/html/yeahkids/img/footer/footer_3.jpg]
[fvdthemes.com/html/yeahkids/img/footer/footer_4.jpg]
[fvdthemes.com/html/yeahkids/img/footer/footer_5.jpg]
[fvdthemes.com/html/yeahkids/img/footer/footer_6.jpg]
[fvdthemes.com/html/yeahkids/js/jquery/jquery.min.js]
[fvdthemes.com/html/yeahkids/js/owl.carousel/owl.carousel.min.js]
[fvdthemes.com/html/yeahkids/js/bootstrap/bootstrap.js]
[fvdthemes.com/html/yeahkids/js/isotope/isotope.pkgd.min.js]
[fvdthemes.com/html/yeahkids/js/imagesloaded/imagesloaded.pkgd.js]
[fvdthemes.com/html/yeahkids/js/magnific-popup/magnific-popup.min.js]
[fvdthemes.com/html/yeahkids/js/parallax/parallax.min.js]
[fvdthemes.com/html/yeahkids/js/page-scroll-to-id/jquery.malihu.PageScroll2id.js]
[fvdthemes.com/html/yeahkids/js/wow/wow.min.js]
[fvdthemes.com/html/yeahkids/js/object-fit-images/ofi.browser.js]
[fvdthemes.com/html/yeahkids/js/count/jquery.countdown.min.js]
[fvdthemes.com/html/yeahkids/js/count/jquery.countup.min.js]
[fvdthemes.com/html/yeahkids/js/waypoints/jquery.waypoints.min.js]
[fvdthemes.com/html/yeahkids/js/jquery-ui/jquery-ui.min.js]
[fvdthemes.com/html/yeahkids/js/slick/slick.min.js]
[fvdthemes.com/html/yeahkids/js/validate/validate.js]
[fvdthemes.com/html/yeahkids/js/sticky-kit-master/sticky-kit.min.js]
[fvdthemes.com/html/yeahkids/js/slider-pro-master/jquery.sliderPro.min.js]
[fvdthemes.com/html/yeahkids/js/functionsf899.js]
[fvdthemes.com/html/yeahkids/js/send28fd.js]
[fvdthemes.com/html/yeahkids/index.html]
[fvdthemes.com/html/yeahkids/img/favicon/apple-touch-icon.html]
[fvdthemes.com/html/yeahkids/img/favicon/apple-touch-icon-72x72.html]
[fvdthemes.com/html/yeahkids/img/favicon/apple-touch-icon-114x114.html]
[fvdthemes.com/html/yeahkids/js/parallax-object/parallax.min.js]
[fvdthemes.com/html/yeahkids/css/bootstrap/bootstrap.min.css]
[fvdthemes.com/html/yeahkids/css/fonts.min.css]
[fvdthemes.com/html/yeahkids/css/magnific-popup/magnific-popup.css]
[fvdthemes.com/html/yeahkids/css/slider-pro-master/slider-pro.min.css]
[fvdthemes.com/html/yeahkids/css/owl.carousel/owl.carousel.min.css]
[fvdthemes.com/html/yeahkids/css/owl.carousel/owl.theme.default.min.css]
[fvdthemes.com/html/yeahkids/css/animate/animate.css]
[fvdthemes.com/html/yeahkids/css/font-awesome/font-awesome.css]
[fvdthemes.com/html/yeahkids/img/home/menu_bg_pattern_18_01.png]
[fvdthemes.com/html/yeahkids/img/footer/yeahkids_footer_imgs_bg_repeat-x_01-1.png]
[fvdthemes.com/html/yeahkids/img/footer/yeahkids_footer_imgs_bg_repeat-x_01-3.png]
[fvdthemes.com/html/yeahkids/img/footer/yeahkids_footer_imgs_bg_repeat-x_01-2.png]
[fvdthemes.com/html/yeahkids/img/footer/yeahkids_footer_sky_bg_repeat_v02.png]
[fvdthemes.com/html/yeahkids/img/home/menu_bg_pattern_18_02.png]
[fvdthemes.com/html/yeahkids/img/home/slider_background_v1.jpg]
[fvdthemes.com/html/yeahkids/img/home/slider_background_v2.jpg]
[fvdthemes.com/html/yeahkids/img/home/slider_background_v3.jpg]
[fvdthemes.com/html/yeahkids/img/home/slider_background_v4.jpg]
[fvdthemes.com/html/yeahkids/img/home/slider_background_v5.jpg]
[fvdthemes.com/html/yeahkids/img/home/slider_background_v6.jpg]
[fvdthemes.com/html/yeahkids/img/home/slider_background_v7.jpg]
[fvdthemes.com/html/yeahkids/img/home/slider_background_v8.jpg]
[fvdthemes.com/html/yeahkids/img/home/slider_background_v9.jpg]
[fvdthemes.com/html/yeahkids/img/home/slider_background_v10.jpg]
[fvdthemes.com/html/yeahkids/img/home/slider_background_v11.jpg]
[fvdthemes.com/html/yeahkids/img/home/slider_background_v12.jpg]
[fvdthemes.com/html/yeahkids/img/footer/yeahkids_slider_land_bg_repeat_v01.png]
[fvdthemes.com/html/yeahkids/img/footer/slider_footer_v2.png]
[fvdthemes.com/html/yeahkids/img/footer/slider_footer_v3.png]
[fvdthemes.com/html/yeahkids/img/footer/yeahkids_header_imgs_repeat-x_v01-4.png]
[fvdthemes.com/html/yeahkids/img/home/yeahkids_bg_violet_02.png]
[fvdthemes.com/html/yeahkids/img/home/yeahkids_leaves_1_bg_repeat-x_01.png]
[fvdthemes.com/html/yeahkids/img/home/yeahkids_bg_green_01.png]
[fvdthemes.com/html/yeahkids/img/home/yeahkids_leaves_2_bg_repeat-x_01.png]
[fvdthemes.com/html/yeahkids/img/home/yeahkids_leaves_3_bg_repeat-x_01.png]
[fvdthemes.com/html/yeahkids/img/home/yeahkids_flags_bg_repeat-x_01.png]
[fvdthemes.com/html/yeahkids/img/shop/popular.png]
[fvdthemes.com/html/yeahkids/img/home/ball.png]
[fvdthemes.com/html/yeahkids/img/home/plain.png]
[fvdthemes.com/html/yeahkids/img/home/copter.png]
[fvdthemes.com/html/yeahkids/img/about/yeahkids_grass_bg_repeat-x_01.png]
[fvdthemes.com/html/yeahkids/img/about/yeahkids_bg_violet_01.png]
[fvdthemes.com/html/yeahkids/img/icons/ship.png]
[fvdthemes.com/html/yeahkids/img/service/yeahkids_bg_repeat-x-y_02.png]
[fvdthemes.com/html/yeahkids/img/shop/best_price.png]
[fvdthemes.com/html/yeahkids/img/shop/new.png]
[fvdthemes.com/html/yeahkids/css/style5fd0.css]
[fvdthemes.com/html/yeahkids/css/mediab6ae.css]
[fvdthemes.com/html/yeahkids/reset_password.html]
[fvdthemes.com/html/yeahkids/login.html]
[fvdthemes.com/html/yeahkids/reg.html]
[fvdthemes.com/html/yeahkids/css/jquery-ui/jquery-ui.min.css]
[fvdthemes.com/html/yeahkids/img/shop/item-1.jpg]
[fvdthemes.com/html/yeahkids/img/shop/item-3.jpg]
[fvdthemes.com/html/yeahkids/img/shop/item-4.jpg]
[fvdthemes.com/html/yeahkids/img/shop/item-2.jpg]
[fvdthemes.com/html/yeahkids/img/shop/item-8.jpg]
[fvdthemes.com/html/yeahkids/shop_cart.html]
[fvdthemes.com/html/yeahkids/img/about/about_img.jpg]
[fvdthemes.com/html/yeahkids/img/icons/koma_grey.svg]
[fvdthemes.com/html/yeahkids/img/icons/koma.png]
[fvdthemes.com/html/yeahkids/about_us.html]
[fvdthemes.com/html/yeahkids/img/icons/koma_red.svg]
[fvdthemes.com/html/yeahkids/img/icons/koma_r.png]
[fvdthemes.com/html/yeahkids/img/teacher/stock-photo-education.jpg]
[fvdthemes.com/html/yeahkids/img/teacher/teacher_5.jpg]
[fvdthemes.com/html/yeahkids/img/teacher/teacher_6.jpg]
[fvdthemes.com/html/yeahkids/img/teacher/teacher_7.jpg]
[fvdthemes.com/html/yeahkids/img/teacher/teacher_8.jpg]
[fvdthemes.com/html/yeahkids/teachers.html]
[fvdthemes.com/html/yeahkids/css/slick/slick.css]
[fvdthemes.com/html/yeahkids/css/slick/slick-theme.css]
[fvdthemes.com/html/yeahkids/img/icons/koma_white.svg]
[fvdthemes.com/html/yeahkids/img/icons/koma_w.png]
[fvdthemes.com/html/yeahkids/img/teacher/certificate_1.jpg]
[fvdthemes.com/html/yeahkids/img/teacher/certificate_2.jpg]
[fvdthemes.com/html/yeahkids/img/teacher/certificate_full_2.jpg]
[fvdthemes.com/html/yeahkids/img/teacher/certificate_3.jpg]
[fvdthemes.com/html/yeahkids/img/teacher/certificate_full_3.jpg]
[fvdthemes.com/html/yeahkids/teacher.html]
[fvdthemes.com/html/yeahkids/img/icons/flag.png]
[fvdthemes.com/html/yeahkids/img/icons/bell.png]
[fvdthemes.com/html/yeahkids/img/icons/rocket.png]
[fvdthemes.com/html/yeahkids/img/service/education.jpg]
[fvdthemes.com/html/yeahkids/img/service/activities.jpg]
[fvdthemes.com/html/yeahkids/img/service/friendship.jpg]
[fvdthemes.com/html/yeahkids/img/service/development.jpg]
[fvdthemes.com/html/yeahkids/img/service/kids_1.jpg]
[fvdthemes.com/html/yeahkids/img/service/kids_2.jpg]
[fvdthemes.com/html/yeahkids/img/service/kids_3.jpg]
[fvdthemes.com/html/yeahkids/img/service/kids_4.jpg]
[fvdthemes.com/html/yeahkids/service_v1.html]
[fvdthemes.com/html/yeahkids/service_v2.html]
[fvdthemes.com/html/yeahkids/img/events/events_1.jpg]
[fvdthemes.com/html/yeahkids/img/events/events_2.jpg]
[fvdthemes.com/html/yeahkids/img/events/events_3.jpg]
[fvdthemes.com/html/yeahkids/img/events/events_4.jpg]
[fvdthemes.com/html/yeahkids/img/events/events_5.jpg]
[fvdthemes.com/html/yeahkids/img/events/events_6.jpg]
[fvdthemes.com/html/yeahkids/events.html]
[fvdthemes.com/html/yeahkids/img/events/events_single.jpg]
[fvdthemes.com/html/yeahkids/img/events/events_gallery_1.jpg]
[fvdthemes.com/html/yeahkids/img/events/events_gallery_2.jpg]
[fvdthemes.com/html/yeahkids/img/events/events_gallery_3.jpg]
[fvdthemes.com/html/yeahkids/img/events/events_gallery_4.jpg]
[fvdthemes.com/html/yeahkids/event.html]
[fvdthemes.com/html/yeahkids/price-table_a.html]
[fvdthemes.com/html/yeahkids/img/table/lion.png]
[fvdthemes.com/html/yeahkids/img/table/lion_only.png]
[fvdthemes.com/html/yeahkids/img/icons/check.png]
[fvdthemes.com/html/yeahkids/img/icons/no-check.png]
[fvdthemes.com/html/yeahkids/price-table_b.html]
[fvdthemes.com/html/yeahkids/img/portfolio/9-thumb.jpg]
[fvdthemes.com/html/yeahkids/img/portfolio/10-thumb.jpg]
[fvdthemes.com/html/yeahkids/img/portfolio/11-thumb.jpg]
[fvdthemes.com/html/yeahkids/img/portfolio/12-thumb.jpg]
[fvdthemes.com/html/yeahkids/gallery.html]
[fvdthemes.com/html/yeahkids/img/blog/author3.jpg]
[fvdthemes.com/html/yeahkids/img/blog/author5.jpg]
[fvdthemes.com/html/yeahkids/img/blog/author6.jpg]
[fvdthemes.com/html/yeahkids/img/blog/author7.jpg]
[fvdthemes.com/html/yeahkids/reviews.html]
[fvdthemes.com/html/yeahkids/FAQ.html]
[fvdthemes.com/html/yeahkids/404.html]
[fvdthemes.com/html/yeahkids/js/sendcf2e.js]
[fvdthemes.com/html/yeahkids/img/blog/blog_page_img_1.jpg]
[fvdthemes.com/html/yeahkids/img/blog/blog_page_img_2.jpg]
[fvdthemes.com/html/yeahkids/img/blog/blog_page_img_3.jpg]
[fvdthemes.com/html/yeahkids/img/blog/last_news_1.jpg]
[fvdthemes.com/html/yeahkids/img/blog/last_news_2.jpg]
[fvdthemes.com/html/yeahkids/img/blog/last_news_3.jpg]
[fvdthemes.com/html/yeahkids/blog.html]
[fvdthemes.com/html/yeahkids/img/blog/1.jpg]
[fvdthemes.com/html/yeahkids/img/blog/author.jpg]
[fvdthemes.com/html/yeahkids/img/blog/related_posts_1.jpg]
[fvdthemes.com/html/yeahkids/img/blog/related_posts_2.jpg]
[fvdthemes.com/html/yeahkids/img/blog/related_posts_3.jpg]
[fvdthemes.com/html/yeahkids/blog_article.html]
[fvdthemes.com/html/yeahkids/img/shop/item-5.jpg]
[fvdthemes.com/html/yeahkids/img/shop/item-6.jpg]
[fvdthemes.com/html/yeahkids/shop_grid.html]
[fvdthemes.com/html/yeahkids/shop_list.html]
[fvdthemes.com/html/yeahkids/js/jquery-ui/jQuery-UITouchPunch.js]
[fvdthemes.com/html/yeahkids/shop_item.html]
[fvdthemes.com/html/yeahkids/shop_cart_empty.html]
[fvdthemes.com/html/yeahkids/contact.html]
[fvdthemes.com/html/yeahkids/post_preparing-for-the-new-year-holiday.html]
[fvdthemes.com/html/yeahkids/post_report-children-s-birthdays.html]
[fvdthemes.com/html/yeahkids/img/blog/blog_page_img_4.jpg]
[fvdthemes.com/html/yeahkids/css/style2b44.css]
[fvdthemes.com/html/yeahkids/post_week-of-football-competitions.html]
[fvdthemes.com/html/yeahkids/post_children-take-care-of-nature.html]
[fvdthemes.com/html/yeahkids/js/jquery/jquery.min.js]
[fvdthemes.com/html/yeahkids/js/owl.carousel/owl.carousel.min.js]
[fvdthemes.com/html/yeahkids/js/bootstrap/bootstrap.js]
[fvdthemes.com/html/yeahkids/js/isotope/isotope.pkgd.min.js]
[fvdthemes.com/html/yeahkids/js/imagesloaded/imagesloaded.pkgd.js]
[fvdthemes.com/html/yeahkids/js/magnific-popup/magnific-popup.min.js]
[fvdthemes.com/html/yeahkids/js/parallax/parallax.min.js]
[fvdthemes.com/html/yeahkids/js/page-scroll-to-id/jquery.malihu.PageScroll2id.js]
[fvdthemes.com/html/yeahkids/js/wow/wow.min.js]
[fvdthemes.com/html/yeahkids/js/object-fit-images/ofi.browser.js]
[fvdthemes.com/html/yeahkids/js/count/jquery.countdown.min.js]
[fvdthemes.com/html/yeahkids/js/count/jquery.countup.min.js]
[fvdthemes.com/html/yeahkids/js/waypoints/jquery.waypoints.min.js]
[fvdthemes.com/html/yeahkids/js/jquery-ui/jquery-ui.min.js]
[fvdthemes.com/html/yeahkids/js/slick/slick.min.js]
[fvdthemes.com/html/yeahkids/js/validate/validate.js]
[fvdthemes.com/html/yeahkids/js/sticky-kit-master/sticky-kit.min.js]
[a.vimeocdn.com/js/froogaloop2.min.js]
[fvdthemes.com/html/yeahkids/js/slider-pro-master/jquery.sliderPro.min.js]
[fvdthemes.com/html/yeahkids/img/home/clouds_1.png]
[fvdthemes.com/html/yeahkids/img/home/clouds_2.png]
[fvdthemes.com/html/yeahkids/img/home/sun_v2.png]
[fvdthemes.com/html/yeahkids/img/home/clouds_5.png]
[fvdthemes.com/html/yeahkids/img/home/sun_without.png]
[fvdthemes.com/html/yeahkids/img/home/clouds_3.png]
[fvdthemes.com/html/yeahkids/img/home/clouds_4.png]
[fvdthemes.com/html/yeahkids/img/icons/marker.png]
[fvdthemes.com/html/yeahkids/img/icons/marker_event.png]
[fvdthemes.com/html/yeahkids/js/functionsf899.js]
[fvdthemes.com/html/yeahkids/js/send28fd.js]
[fvdthemes.com/html/yeahkids/js/parallax-object/parallax.min.js]
[fvdthemes.com/html/yeahkids/css/fonts/glyphicons-halflings-regular.html]
[fvdthemes.com/html/yeahkids/css/fonts/glyphicons-halflings-regulard41d.html]
[fvdthemes.com/html/yeahkids/css/fonts/glyphicons-halflings-regular-2.html]
[fvdthemes.com/html/yeahkids/css/fonts/glyphicons-halflings-regular-3.html]
[fvdthemes.com/html/yeahkids/css/fonts/glyphicons-halflings-regular-4.html]
[fvdthemes.com/html/yeahkids/css/fonts/glyphicons-halflings-regular-5.html]
[fvdthemes.com/html/yeahkids/fonts/fontawesome/fontawesome-webfont3e6e.eot]
[fvdthemes.com/html/yeahkids/fonts/fontawesome/fontawesome-webfontd41d.eot]
[fvdthemes.com/html/yeahkids/fonts/fontawesome/fontawesome-webfont3e6e.woff2]
[fvdthemes.com/html/yeahkids/fonts/fontawesome/fontawesome-webfont3e6e.woff]
[fvdthemes.com/html/yeahkids/fonts/fontawesome/fontawesome-webfont3e6e.ttf]
[fvdthemes.com/html/yeahkids/fonts/OpenSans/OpenSansRegular/OpenSansRegular.eot]
[fvdthemes.com/html/yeahkids/fonts/fontawesome/fontawesome-webfont3e6e.svg]
[fvdthemes.com/html/yeahkids/fonts/OpenSans/OpenSansRegular/OpenSansRegular.woff]
[fvdthemes.com/html/yeahkids/fonts/OpenSans/OpenSansRegular/OpenSansRegulard41d.eot]
[fvdthemes.com/html/yeahkids/fonts/OpenSans/OpenSansRegular/OpenSansRegular.ttf]
[fvdthemes.com/html/yeahkids/fonts/OpenSans/OpenSansLight/OpenSansLight.eot]
[fvdthemes.com/html/yeahkids/fonts/OpenSans/OpenSansLight/OpenSansLight.woff]
[fvdthemes.com/html/yeahkids/fonts/OpenSans/OpenSansLight/OpenSansLightd41d.eot]
[fvdthemes.com/html/yeahkids/fonts/OpenSans/OpenSansLight/OpenSansLight.ttf]
[fvdthemes.com/html/yeahkids/fonts/OpenSans/OpenSansItalic/OpenSansItalic.eot]
[fvdthemes.com/html/yeahkids/fonts/OpenSans/OpenSansItalic/OpenSansItalic.woff]
[fvdthemes.com/html/yeahkids/fonts/OpenSans/OpenSansItalic/OpenSansItalicd41d.eot]
[fvdthemes.com/html/yeahkids/fonts/OpenSans/OpenSansItalic/OpenSansItalic.ttf]
[fvdthemes.com/html/yeahkids/fonts/OpenSans/OpenSansBold/OpenSansBold.eot]
[fvdthemes.com/html/yeahkids/fonts/OpenSans/OpenSansBold/OpenSansBold.woff]
[fvdthemes.com/html/yeahkids/fonts/OpenSans/OpenSansBold/OpenSansBold.ttf]
[fvdthemes.com/html/yeahkids/fonts/OpenSans/OpenSansBold/OpenSansBoldd41d.eot]
[fvdthemes.com/html/yeahkids/fonts/OpenSans/OpenSansExtraBold/OpenSansExtraBold.eot]
[fvdthemes.com/html/yeahkids/fonts/OpenSans/OpenSansExtraBold/OpenSansExtraBold.woff]
[fvdthemes.com/html/yeahkids/fonts/OpenSans/OpenSansExtraBold/OpenSansExtraBoldd41d.eot]
[fvdthemes.com/html/yeahkids/fonts/OpenSans/OpenSansExtraBold/OpenSansExtraBold.ttf]
[fvdthemes.com/html/yeahkids/fonts/OpenSans/OpenSansExtraBoldItalic/OpenSansExtraBoldItalic.eot]
[fvdthemes.com/html/yeahkids/fonts/OpenSans/OpenSansExtraBoldItalic/OpenSansExtraBoldItalic.woff]
[fvdthemes.com/html/yeahkids/fonts/OpenSans/OpenSansExtraBoldItalic/OpenSansExtraBoldItalicd41d.eot]
[fvdthemes.com/html/yeahkids/fonts/OpenSans/OpenSansExtraBoldItalic/OpenSansExtraBoldItalic.ttf]
[fvdthemes.com/html/yeahkids/fonts/OpenSans/OpenSansBoldItalic/OpenSansBoldItalic.eot]
[fvdthemes.com/html/yeahkids/fonts/OpenSans/OpenSansBoldItalic/OpenSansBoldItalic.woff]
[fvdthemes.com/html/yeahkids/fonts/OpenSans/OpenSansBoldItalic/OpenSansBoldItalic.ttf]
[fvdthemes.com/html/yeahkids/fonts/OpenSans/OpenSansBoldItalic/OpenSansBoldItalicd41d.eot]
[fvdthemes.com/html/yeahkids/fonts/OpenSans/OpenSansRegularItalic/OpenSansRegularItalic.eot]
[fvdthemes.com/html/yeahkids/fonts/OpenSans/OpenSansRegularItalic/OpenSansRegularItalic.woff]
[fvdthemes.com/html/yeahkids/fonts/OpenSans/OpenSansRegularItalic/OpenSansRegularItalic.ttf]
[fvdthemes.com/html/yeahkids/fonts/OpenSans/OpenSansRegularItalic/OpenSansRegularItalicd41d.eot]
[fvdthemes.com/html/yeahkids/fonts/OpenSans/OpenSansSemiBold/OpenSansSemiBold.eot]
[fvdthemes.com/html/yeahkids/fonts/OpenSans/OpenSansSemiBold/OpenSansSemiBold.woff]
[fvdthemes.com/html/yeahkids/fonts/OpenSans/OpenSansSemiBold/OpenSansSemiBoldd41d.eot]
[fvdthemes.com/html/yeahkids/fonts/OpenSans/OpenSansSemiBold/OpenSansSemiBold.ttf]
[fvdthemes.com/html/yeahkids/fonts/OpenSans/OpenSansSemiBoldItalic/OpenSansSemiBoldItalic.eot]
[fvdthemes.com/html/yeahkids/fonts/OpenSans/OpenSansSemiBoldItalic/OpenSansSemiBoldItalic.woff]
[fvdthemes.com/html/yeahkids/fonts/OpenSans/OpenSansSemiBoldItalic/OpenSansSemiBoldItalicd41d.eot]
[fvdthemes.com/html/yeahkids/fonts/OpenSans/OpenSansSemiBoldItalic/OpenSansSemiBoldItalic.ttf]
[fvdthemes.com/html/yeahkids/fonts/Boogaloo/Boogaloo-Regular.eot]
[fvdthemes.com/html/yeahkids/fonts/Boogaloo/Boogaloo-Regular.woff]
[fvdthemes.com/html/yeahkids/fonts/Boogaloo/Boogaloo-Regular.ttf]
[fvdthemes.com/html/yeahkids/css/fonts.min.css]
[fvdthemes.com/html/yeahkids/css/magnific-popup/magnific-popup.css]
[fvdthemes.com/html/yeahkids/fonts/Boogaloo/Boogaloo-Regulard41d.eot]
[fvdthemes.com/html/yeahkids/css/slider-pro-master/slider-pro.min.css]
[fvdthemes.com/html/yeahkids/css/owl.carousel/owl.carousel.min.css]
[fvdthemes.com/html/yeahkids/css/owl.carousel/owl.theme.default.min.css]
[fvdthemes.com/html/yeahkids/css/animate/animate.css]
[fvdthemes.com/html/yeahkids/css/font-awesome/font-awesome.css]
[fvdthemes.com/html/yeahkids/reset_password.html]
[fvdthemes.com/html/yeahkids/img/footer/yeahkids_footer_sky_bg_repeat_v02.png]
[fvdthemes.com/html/yeahkids/css/jquery-ui/images/ui-icons_444444_256x240.png]
[fvdthemes.com/html/yeahkids/css/jquery-ui/images/ui-icons_555555_256x240.png]
[fvdthemes.com/html/yeahkids/css/jquery-ui/images/ui-icons_ffffff_256x240.png]
[fvdthemes.com/html/yeahkids/css/jquery-ui/images/ui-icons_777620_256x240.png]
[fvdthemes.com/html/yeahkids/css/jquery-ui/images/ui-icons_cc0000_256x240.png]
[fvdthemes.com/html/yeahkids/css/jquery-ui/images/ui-icons_777777_256x240.png]
[fvdthemes.com/html/yeahkids/css/jquery-ui/jquery-ui.min.css]
[fvdthemes.com/html/yeahkids/img/icons/koma_grey.svg]
[fvdthemes.com/html/yeahkids/img/icons/koma_red.svg]
[fvdthemes.com/html/yeahkids/css/slick/slick.css]
[fvdthemes.com/html/yeahkids/css/slick/ajax-loader.gif]
[fvdthemes.com/html/yeahkids/css/slick/slick-theme.css]
[fvdthemes.com/html/yeahkids/img/icons/koma_white.svg]
[fvdthemes.com/html/yeahkids/img/teacher/certificate_full_1.html]
[fvdthemes.com/html/yeahkids/js/sendcf2e.js]
[fvdthemes.com/html/yeahkids/js/jquery-ui/jQuery-UITouchPunch.js]
[fvdthemes.com/html/yeahkids/css/style2b44.css]
[fvdthemes.com/html/yeahkids/Popover requires tooltip.html]
[fvdthemes.com/html/yeahkids/fonts/fontawesome/fontawesome-webfont3e6e.svg]
[fvdthemes.com/html/yeahkids/css/slider-pro-master/images/openhand.html]
[fvdthemes.com/html/yeahkids/css/slider-pro-master/images/closedhand.html]
[fvdthemes.com/html/yeahkids/css/owl.carousel/owl.video.play.html]
